23:45:46  
23:45:46  ============================================================
23:45:46  [QueryRewriter] Original : what is a collection in Qdrant
23:45:46  [QueryRewriter] Rewritten: what is a Qdrant collection
23:45:47  [MultiQueryGenerator] Generated 4 variations:
23:45:47    [1] what is a Qdrant collection
23:45:47    [2] what is Qdrant collection
23:45:47    [3] explain Qdrant collection
23:45:47    [4] Qdrant collection definition
23:46:18  [Retriever] Retrieved 36 unique chunks across 4 queries
23:46:18    [1] Qdrant — https://qdrant.tech/documentation/ops-configuration/usage-statistics/
23:46:18    [2] Qdrant — https://qdrant.tech/documentation/tutorials-build-essentials/data-ingestion-begi
23:46:18    [3] Qdrant — https://qdrant.tech/documentation/manage-data/collections/
23:46:18    [4] Qdrant — https://qdrant.tech/documentation/tutorials-build-essentials/data-ingestion-begi
23:46:18    [5] Qdrant — https://qdrant.tech/documentation/frameworks/voltagent/
23:46:18    [6] Qdrant — https://qdrant.tech/documentation/faq/qdrant-fundamentals/
23:46:18    [7] Qdrant — https://qdrant.tech/documentation/ops-configuration/administration/
23:46:18    [8] Qdrant — https://qdrant.tech/documentation/manage-data/payload/
23:46:18    [9] Qdrant — https://qdrant.tech/documentation/ops-optimization/optimizer/
23:46:18    [10] Qdrant — https://qdrant.tech/documentation/manage-data/
23:46:18    [11] Qdrant — https://qdrant.tech/documentation/search/search/
23:46:18    [12] Qdrant — https://qdrant.tech/documentation/manage-data/indexing/
23:46:18    [13] Qdrant — https://qdrant.tech/documentation/manage-data/bulk-upload/
23:46:18    [14] Qdrant — https://qdrant.tech/documentation/manage-data/payload/
23:46:18    [15] Qdrant — https://qdrant.tech/documentation/ops-configuration/administration/
23:46:18    [16] Qdrant — https://qdrant.tech/documentation/edge/edge-synchronization-guide/
23:46:18    [17] Qdrant — https://qdrant.tech/documentation/search/search/
23:46:18    [18] Qdrant — https://qdrant.tech/documentation/overview/what-is-qdrant/
23:46:18    [19] Qdrant — https://qdrant.tech/documentation/examples/graphrag-qdrant-neo4j/
23:46:18    [20] Qdrant — https://qdrant.tech/documentation/ops-configuration/memory-tiers/
23:46:18    [21] Qdrant — https://qdrant.tech/documentation/ops-configuration/usage-statistics/
23:46:18    [22] Qdrant — https://qdrant.tech/documentation/cloud/configure-cluster/
23:46:18    [23] Qdrant — https://qdrant.tech/documentation/private-cloud/configuration/
23:46:18    [24] Qdrant — https://qdrant.tech/documentation/tutorials-search-engineering/using-relevance-f
23:46:18    [25] Qdrant — https://qdrant.tech/documentation/overview/vector-search/
23:46:18    [26] Qdrant — https://qdrant.tech/documentation/manage-data/storage/
23:46:18    [27] Qdrant — https://qdrant.tech/documentation/ops-monitoring/memory-usage/
23:46:18    [28] Qdrant — https://qdrant.tech/documentation/ops-configuration/memory-tiers/
23:46:18    [29] Qdrant — https://qdrant.tech/documentation/manage-data/quantization/
23:46:18    [30] Qdrant — https://qdrant.tech/documentation/manage-data/points/
23:46:18    [31] Qdrant — https://qdrant.tech/documentation/manage-data/storage/
23:46:18    [32] Qdrant — https://qdrant.tech/documentation/tutorials-operations/secure-qdrant/
23:46:18    [33] Qdrant — https://qdrant.tech/documentation/ops-configuration/administration/
23:46:18    [34] Qdrant — https://qdrant.tech/documentation/manage-data/collections/
23:46:18    [35] Qdrant — https://qdrant.tech/documentation/ops-configuration/administration/
23:46:18    [36] Qdrant — https://qdrant.tech/documentation/search/text-search/
23:46:19    [RelevanceFilter] ✓ kept score=0.70 — https://qdrant.tech/documentation/ops-configuration/usage-statistics/
23:46:19    [RelevanceFilter] ✓ kept score=0.66 — https://qdrant.tech/documentation/tutorials-build-essentials/data-inge
23:46:19    [RelevanceFilter] ✓ kept score=0.65 — https://qdrant.tech/documentation/manage-data/collections/
23:46:19    [RelevanceFilter] ✓ kept score=0.64 — https://qdrant.tech/documentation/tutorials-build-essentials/data-inge
23:46:19    [RelevanceFilter] ✓ kept score=0.63 — https://qdrant.tech/documentation/frameworks/voltagent/
23:46:19    [RelevanceFilter] ✓ kept score=0.63 — https://qdrant.tech/documentation/faq/qdrant-fundamentals/
23:46:19    [RelevanceFilter] ✓ kept score=0.62 — https://qdrant.tech/documentation/ops-configuration/administration/
23:46:19    [RelevanceFilter] ✓ kept score=0.62 — https://qdrant.tech/documentation/manage-data/payload/
23:46:19    [RelevanceFilter] ✓ kept score=0.61 — https://qdrant.tech/documentation/ops-optimization/optimizer/
23:46:19    [RelevanceFilter] ✓ kept score=0.61 — https://qdrant.tech/documentation/manage-data/
23:46:19    [RelevanceFilter] ✓ kept score=0.61 — https://qdrant.tech/documentation/search/search/
23:46:19    [RelevanceFilter] ✓ kept score=0.61 — https://qdrant.tech/documentation/manage-data/indexing/
23:46:19    [RelevanceFilter] ✓ kept score=0.61 — https://qdrant.tech/documentation/manage-data/bulk-upload/
23:46:19    [RelevanceFilter] ✓ kept score=0.60 — https://qdrant.tech/documentation/manage-data/payload/
23:46:19    [RelevanceFilter] ✓ kept score=0.60 — https://qdrant.tech/documentation/ops-configuration/administration/
23:46:19    [RelevanceFilter] ✓ kept score=0.60 — https://qdrant.tech/documentation/edge/edge-synchronization-guide/
23:46:19    [RelevanceFilter] ✓ kept score=0.60 — https://qdrant.tech/documentation/search/search/
23:46:19    [RelevanceFilter] ✓ kept score=0.60 — https://qdrant.tech/documentation/overview/what-is-qdrant/
23:46:19    [RelevanceFilter] ✓ kept score=0.60 — https://qdrant.tech/documentation/examples/graphrag-qdrant-neo4j/
23:46:19    [RelevanceFilter] ✓ kept score=0.60 — https://qdrant.tech/documentation/ops-configuration/memory-tiers/
23:46:19    [RelevanceFilter] ✓ kept score=0.59 — https://qdrant.tech/documentation/ops-configuration/usage-statistics/
23:46:19    [RelevanceFilter] ✓ kept score=0.59 — https://qdrant.tech/documentation/cloud/configure-cluster/
23:46:19    [RelevanceFilter] ✓ kept score=0.59 — https://qdrant.tech/documentation/private-cloud/configuration/
23:46:19    [RelevanceFilter] ✓ kept score=0.59 — https://qdrant.tech/documentation/tutorials-search-engineering/using-r
23:46:19    [RelevanceFilter] ✓ kept score=0.59 — https://qdrant.tech/documentation/overview/vector-search/
23:46:19    [RelevanceFilter] ✓ kept score=0.59 — https://qdrant.tech/documentation/manage-data/storage/
23:46:19    [RelevanceFilter] ✓ kept score=0.59 — https://qdrant.tech/documentation/ops-monitoring/memory-usage/
23:46:19    [RelevanceFilter] ✓ kept score=0.58 — https://qdrant.tech/documentation/ops-configuration/memory-tiers/
23:46:19    [RelevanceFilter] ✓ kept score=0.57 — https://qdrant.tech/documentation/manage-data/quantization/
23:46:19    [RelevanceFilter] ✓ kept score=0.58 — https://qdrant.tech/documentation/manage-data/points/
23:46:19    [RelevanceFilter] ✓ kept score=0.58 — https://qdrant.tech/documentation/manage-data/storage/
23:46:19    [RelevanceFilter] ✓ kept score=0.59 — https://qdrant.tech/documentation/tutorials-operations/secure-qdrant/
23:46:19    [RelevanceFilter] ✓ kept score=0.59 — https://qdrant.tech/documentation/ops-configuration/administration/
23:46:19    [RelevanceFilter] ✓ kept score=0.60 — https://qdrant.tech/documentation/manage-data/collections/
23:46:19    [RelevanceFilter] ✓ kept score=0.59 — https://qdrant.tech/documentation/ops-configuration/administration/
23:46:19    [RelevanceFilter] ✓ kept score=0.58 — https://qdrant.tech/documentation/search/text-search/
23:46:19  [RelevanceFilter] 12/36 chunks kept (threshold=0.25)
23:46:19    [Reranker] score=0.551 — https://qdrant.tech/documentation/ops-configuration/usage-statistics/
23:46:19    [Reranker] score=0.534 — https://qdrant.tech/documentation/tutorials-build-essentials/data-inge
23:46:19    [Reranker] score=0.556 — https://qdrant.tech/documentation/manage-data/collections/
23:46:19    [Reranker] score=0.552 — https://qdrant.tech/documentation/tutorials-build-essentials/data-inge
23:46:19    [Reranker] score=0.529 — https://qdrant.tech/documentation/frameworks/voltagent/
23:46:19    [Reranker] score=0.537 — https://qdrant.tech/documentation/faq/qdrant-fundamentals/
23:46:19    [Reranker] score=0.547 — https://qdrant.tech/documentation/ops-configuration/administration/
23:46:19    [Reranker] score=0.493 — https://qdrant.tech/documentation/manage-data/payload/
23:46:19    [Reranker] score=0.500 — https://qdrant.tech/documentation/ops-optimization/optimizer/
23:46:19    [Reranker] score=0.573 — https://qdrant.tech/documentation/manage-data/
23:46:19    [Reranker] score=0.512 — https://qdrant.tech/documentation/search/search/
23:46:19    [Reranker] score=0.540 — https://qdrant.tech/documentation/manage-data/indexing/
23:46:19  [Reranker] anchor: 'A qdrant collection is. A a Qdrant collection defines'
23:46:19  [Reranker] Top 6 chunks kept:
23:46:19    score=0.573 — https://qdrant.tech/documentation/manage-data/
23:46:19    score=0.556 — https://qdrant.tech/documentation/manage-data/collections/
23:46:19    score=0.552 — https://qdrant.tech/documentation/tutorials-build-essentials/data-inge
23:46:19    score=0.551 — https://qdrant.tech/documentation/ops-configuration/usage-statistics/
23:46:19    score=0.547 — https://qdrant.tech/documentation/ops-configuration/administration/
23:46:19    score=0.540 — https://qdrant.tech/documentation/manage-data/indexing/
23:46:19  [ContextBuilder] Built context from 6 chunks across 1 sources (5999 chars)
23:46:20  [AnswerGenerator] Answer preview: In Qdrant, a collection is the top-level organizational unit that groups points together based on their shared vector configuration. Think of it as a ...
23:46:20  [CitationFormatter] 6 citations
23:46:20    Qdrant — https://qdrant.tech/documentation/ops-configuration/usage-statistics/
23:46:20    Qdrant — https://qdrant.tech/documentation/tutorials-build-essentials/data-ingestion-beginners/
23:46:20    Qdrant — https://qdrant.tech/documentation/manage-data/
23:46:20    Qdrant — https://qdrant.tech/documentation/ops-configuration/administration/
23:46:20    Qdrant — https://qdrant.tech/documentation/manage-data/indexing/
23:46:20    Qdrant — https://qdrant.tech/documentation/manage-data/collections/
23:47:51  
23:47:51  ============================================================
23:47:51  [QueryRewriter] Original : how do I create one
23:47:51  [QueryRewriter] Rewritten: how to create a Qdrant collection
23:47:51  [MultiQueryGenerator] Generated 4 variations:
23:47:51    [1] how to create a Qdrant collection
23:47:51    [2] how to create a Qdrant collection
23:47:51    [3] what is the process for creating a Qdrant collection
23:47:51    [4] explain how to create a Qdrant collection
23:48:16  [Retriever] Retrieved 33 unique chunks across 4 queries
23:48:16    [1] Qdrant — https://qdrant.tech/documentation/tutorials-build-essentials/data-ingestion-begi
23:48:16    [2] Qdrant — https://qdrant.tech/documentation/examples/graphrag-qdrant-neo4j/
23:48:16    [3] Qdrant — https://qdrant.tech/documentation/frameworks/voltagent/
23:48:16    [4] Qdrant — https://qdrant.tech/documentation/tutorials-operations/secure-qdrant/
23:48:16    [5] Qdrant — https://qdrant.tech/documentation/ops-configuration/administration/
23:48:16    [6] Qdrant — https://qdrant.tech/documentation/manage-data/storage/
23:48:16    [7] Qdrant — https://qdrant.tech/documentation/ops-configuration/administration/
23:48:16    [8] Qdrant — https://qdrant.tech/documentation/edge/edge-synchronization-guide/
23:48:16    [9] Qdrant — https://qdrant.tech/documentation/tutorials-build-essentials/data-ingestion-begi
23:48:16    [10] Qdrant — https://qdrant.tech/documentation/manage-data/collections/
23:48:16    [11] Qdrant — https://qdrant.tech/documentation/manage-data/collections/
23:48:16    [12] Qdrant — https://qdrant.tech/documentation/manage-data/payload/
23:48:16    [13] Qdrant — https://qdrant.tech/documentation/search/search/
23:48:16    [14] Qdrant — https://qdrant.tech/documentation/ops-configuration/administration/
23:48:16    [15] Qdrant — https://qdrant.tech/documentation/tutorials-operations/secure-qdrant/
23:48:16    [16] Qdrant — https://qdrant.tech/documentation/manage-data/vectors/
23:48:16    [17] Qdrant — https://qdrant.tech/documentation/search/search/
23:48:16    [18] Qdrant — https://qdrant.tech/documentation/tutorials-operations/create-snapshot/
23:48:16    [19] Qdrant — https://qdrant.tech/documentation/manage-data/quantization/
23:48:16    [20] Qdrant — https://qdrant.tech/documentation/tutorials-basics/search-beginners/
23:48:16    [21] Qdrant — https://qdrant.tech/documentation/ops-configuration/usage-statistics/
23:48:16    [22] Qdrant — https://qdrant.tech/documentation/manage-data/bulk-upload/
23:48:16    [23] Qdrant — https://qdrant.tech/documentation/overview/what-is-qdrant/
23:48:16    [24] Qdrant — https://qdrant.tech/documentation/manage-data/
23:48:16    [25] Qdrant — https://qdrant.tech/documentation/ops-configuration/usage-statistics/
23:48:16    [26] Qdrant — https://qdrant.tech/documentation/manage-data/storage/
23:48:16    [27] Qdrant — https://qdrant.tech/documentation/tutorials-operations/create-snapshot/
23:48:16    [28] Qdrant — https://qdrant.tech/documentation/manage-data/indexing/
23:48:16    [29] Qdrant — https://qdrant.tech/documentation/web-ui/
23:48:16    [30] Qdrant — https://qdrant.tech/documentation/tutorials-build-essentials/data-ingestion-begi
23:48:16    [31] Qdrant — https://qdrant.tech/documentation/datasets/
23:48:16    [32] Qdrant — https://qdrant.tech/documentation/manage-data/quantization/
23:48:16    [33] Qdrant — https://qdrant.tech/documentation/ops-optimization/optimize/
23:48:17    [RelevanceFilter] procedural score=0.70 — https://qdrant.tech/documentation/tutorials-build-essentials/data-inge
23:48:17    [RelevanceFilter] procedural score=0.69 — https://qdrant.tech/documentation/examples/graphrag-qdrant-neo4j/
23:48:17    [RelevanceFilter] procedural score=0.68 — https://qdrant.tech/documentation/frameworks/voltagent/
23:48:17    [RelevanceFilter] procedural score=0.68 — https://qdrant.tech/documentation/tutorials-operations/secure-qdrant/
23:48:17    [RelevanceFilter] procedural score=0.67 — https://qdrant.tech/documentation/ops-configuration/administration/
23:48:17    [RelevanceFilter] procedural score=0.66 — https://qdrant.tech/documentation/manage-data/storage/
23:48:17    [RelevanceFilter] procedural score=0.65 — https://qdrant.tech/documentation/ops-configuration/administration/
23:48:17    [RelevanceFilter] procedural score=0.65 — https://qdrant.tech/documentation/edge/edge-synchronization-guide/
23:48:17    [RelevanceFilter] procedural score=0.65 — https://qdrant.tech/documentation/tutorials-build-essentials/data-inge
23:48:17    [RelevanceFilter] procedural score=0.65 — https://qdrant.tech/documentation/manage-data/collections/
23:48:17    [RelevanceFilter] procedural score=0.64 — https://qdrant.tech/documentation/manage-data/collections/
23:48:17    [RelevanceFilter] procedural score=0.64 — https://qdrant.tech/documentation/manage-data/payload/
23:48:17    [RelevanceFilter] procedural score=0.64 — https://qdrant.tech/documentation/search/search/
23:48:17    [RelevanceFilter] procedural score=0.64 — https://qdrant.tech/documentation/ops-configuration/administration/
23:48:17    [RelevanceFilter] procedural score=0.64 — https://qdrant.tech/documentation/tutorials-operations/secure-qdrant/
23:48:17    [RelevanceFilter] procedural score=0.64 — https://qdrant.tech/documentation/manage-data/vectors/
23:48:17    [RelevanceFilter] procedural score=0.64 — https://qdrant.tech/documentation/search/search/
23:48:17    [RelevanceFilter] procedural score=0.64 — https://qdrant.tech/documentation/tutorials-operations/create-snapshot
23:48:17    [RelevanceFilter] procedural score=0.64 — https://qdrant.tech/documentation/manage-data/quantization/
23:48:17    [RelevanceFilter] procedural score=0.63 — https://qdrant.tech/documentation/tutorials-basics/search-beginners/
23:48:17    [RelevanceFilter] procedural score=0.63 — https://qdrant.tech/documentation/manage-data/quantization/
23:48:17    [RelevanceFilter] procedural score=0.62 — https://qdrant.tech/documentation/ops-optimization/optimize/
23:48:17    [RelevanceFilter] procedural score=0.62 — https://qdrant.tech/documentation/ops-configuration/usage-statistics/
23:48:17    [RelevanceFilter] procedural score=0.62 — https://qdrant.tech/documentation/manage-data/bulk-upload/
23:48:17    [RelevanceFilter] procedural score=0.62 — https://qdrant.tech/documentation/manage-data/storage/
23:48:17    [RelevanceFilter] procedural score=0.61 — https://qdrant.tech/documentation/manage-data/indexing/
23:48:17    [RelevanceFilter] procedural score=0.60 — https://qdrant.tech/documentation/overview/what-is-qdrant/
23:48:17    [RelevanceFilter] procedural score=0.60 — https://qdrant.tech/documentation/datasets/
23:48:17    [RelevanceFilter] procedural score=0.59 — https://qdrant.tech/documentation/tutorials-build-essentials/data-inge
23:48:17    [RelevanceFilter] procedural score=0.58 — https://qdrant.tech/documentation/web-ui/
23:48:17    [RelevanceFilter] procedural score=0.58 — https://qdrant.tech/documentation/tutorials-operations/create-snapshot
23:48:17    [RelevanceFilter] procedural score=0.58 — https://qdrant.tech/documentation/ops-configuration/usage-statistics/
23:48:17    [RelevanceFilter] procedural score=0.58 — https://qdrant.tech/documentation/manage-data/
23:48:17  [RelevanceFilter] procedural query — skipped threshold, top 12 by score passed to reranker
23:48:17    [Reranker] score=0.666 — https://qdrant.tech/documentation/tutorials-build-essentials/data-inge
23:48:17    [Reranker] score=0.618 — https://qdrant.tech/documentation/examples/graphrag-qdrant-neo4j/
23:48:17    [Reranker] score=0.699 — https://qdrant.tech/documentation/frameworks/voltagent/
23:48:17    [Reranker] score=0.729 — https://qdrant.tech/documentation/tutorials-operations/secure-qdrant/
23:48:17    [Reranker] score=0.700 — https://qdrant.tech/documentation/ops-configuration/administration/
23:48:17    [Reranker] score=0.694 — https://qdrant.tech/documentation/manage-data/storage/
23:48:17    [Reranker] score=0.670 — https://qdrant.tech/documentation/ops-configuration/administration/
23:48:17    [Reranker] score=0.595 — https://qdrant.tech/documentation/edge/edge-synchronization-guide/
23:48:17    [Reranker] score=0.595 — https://qdrant.tech/documentation/tutorials-build-essentials/data-inge
23:48:17    [Reranker] score=0.635 — https://qdrant.tech/documentation/manage-data/collections/
23:48:17    [Reranker] score=0.632 — https://qdrant.tech/documentation/manage-data/collections/
23:48:17    [Reranker] score=0.699 — https://qdrant.tech/documentation/manage-data/payload/
23:48:17  [Reranker] anchor: 'Create a qdrant collection. create a Qdrant collection API parameters'
23:48:17  [Reranker] Top 6 chunks kept:
23:48:17    score=0.729 — https://qdrant.tech/documentation/tutorials-operations/secure-qdrant/
23:48:17    score=0.700 — https://qdrant.tech/documentation/ops-configuration/administration/
23:48:17    score=0.699 — https://qdrant.tech/documentation/manage-data/payload/
23:48:17    score=0.699 — https://qdrant.tech/documentation/frameworks/voltagent/
23:48:17    score=0.694 — https://qdrant.tech/documentation/manage-data/storage/
23:48:17    score=0.670 — https://qdrant.tech/documentation/ops-configuration/administration/
23:48:17  [ContextBuilder] Built context from 6 chunks across 1 sources (5972 chars)
23:48:20  [AnswerGenerator] Answer preview: To create a collection in Qdrant, you can use the `CreateCollection` method provided by the Qdrant client library. Here's a step-by-step guide on how ...
23:48:20  [CitationFormatter] 5 citations
23:48:20    Qdrant — https://qdrant.tech/documentation/manage-data/payload/
23:48:20    Qdrant — https://qdrant.tech/documentation/frameworks/voltagent/
23:48:20    Qdrant — https://qdrant.tech/documentation/ops-configuration/administration/
23:48:20    Qdrant — https://qdrant.tech/documentation/tutorials-operations/secure-qdrant/
23:48:20    Qdrant — https://qdrant.tech/documentation/manage-data/storage/
23:50:36  
23:50:36  ============================================================
23:50:36  [QueryRewriter] Original : what is the difference between a collection and a payload
23:50:36  [QueryRewriter] Rewritten: what is the difference between a Qdrant collection and a payload
23:50:37  [MultiQueryGenerator] Generated 4 variations:
23:50:37    [1] what is the difference between a Qdrant collection and a payload
23:50:37    [2] what is the difference between a Qdrant collection and a payload
23:50:37    [3] explain the distinction between a Qdrant collection and a payload
23:50:37    [4] Qdrant collection payload difference explained
23:51:17  [Retriever] Retrieved 33 unique chunks across 4 queries
23:51:17    [1] Qdrant — https://qdrant.tech/documentation/manage-data/payload/
23:51:17    [2] Qdrant — https://qdrant.tech/documentation/overview/
23:51:17    [3] Qdrant — https://qdrant.tech/documentation/ops-configuration/memory-tiers/
23:51:17    [4] Qdrant — https://qdrant.tech/documentation/manage-data/storage/
23:51:17    [5] Qdrant — https://qdrant.tech/documentation/manage-data/
23:51:17    [6] Qdrant — https://qdrant.tech/documentation/overview/what-is-qdrant/
23:51:17    [7] Qdrant — https://qdrant.tech/documentation/manage-data/indexing/
23:51:17    [8] Qdrant — https://qdrant.tech/documentation/manage-data/bulk-upload/
23:51:17    [9] Qdrant — https://qdrant.tech/documentation/ops-configuration/usage-statistics/
23:51:17    [10] Qdrant — https://qdrant.tech/documentation/tutorials-build-essentials/data-ingestion-begi
23:51:17    [11] Qdrant — https://qdrant.tech/documentation/ops-configuration/memory-tiers/
23:51:17    [12] Qdrant — https://qdrant.tech/documentation/manage-data/collections/
23:51:17    [13] Qdrant — https://qdrant.tech/documentation/tutorials-build-essentials/qdrant-n8n/
23:51:17    [14] Qdrant — https://qdrant.tech/documentation/manage-data/collections/
23:51:17    [15] Qdrant — https://qdrant.tech/documentation/manage-data/points/
23:51:17    [16] Qdrant — https://qdrant.tech/documentation/inference/cloud-inference/
23:51:17    [17] Qdrant — https://qdrant.tech/documentation/manage-data/points/
23:51:17    [18] Qdrant — https://qdrant.tech/documentation/faq/qdrant-fundamentals/
23:51:17    [19] Qdrant — https://qdrant.tech/documentation/manage-data/collections/
23:51:17    [20] Qdrant — https://qdrant.tech/documentation/overview/what-is-qdrant/
23:51:17    [21] Qdrant — https://qdrant.tech/documentation/ops-monitoring/memory-usage/
23:51:17    [22] Qdrant — https://qdrant.tech/documentation/manage-data/points/
23:51:17    [23] Qdrant — https://qdrant.tech/documentation/ops-configuration/administration/
23:51:17    [24] Qdrant — https://qdrant.tech/documentation/ops-configuration/memory-tiers/
23:51:17    [25] Qdrant — https://qdrant.tech/documentation/manage-data/payload/
23:51:17    [26] Qdrant — https://qdrant.tech/documentation/manage-data/multitenancy/
23:51:17    [27] Qdrant — https://qdrant.tech/documentation/ops-configuration/administration/
23:51:17    [28] Qdrant — https://qdrant.tech/documentation/search/search/
23:51:17    [29] Qdrant — https://qdrant.tech/documentation/ops-configuration/administration/
23:51:17    [30] Qdrant — https://qdrant.tech/documentation/search/search/
23:51:17    [31] Qdrant — https://qdrant.tech/documentation/manage-data/indexing/
23:51:17    [32] Qdrant — https://qdrant.tech/documentation/manage-data/indexing/
23:51:17    [33] Qdrant — https://qdrant.tech/documentation/search/search/
23:51:17    [RelevanceFilter] ✓ kept score=0.71 — https://qdrant.tech/documentation/manage-data/payload/
23:51:17    [RelevanceFilter] ✓ kept score=0.68 — https://qdrant.tech/documentation/overview/
23:51:17    [RelevanceFilter] ✓ kept score=0.65 — https://qdrant.tech/documentation/ops-configuration/memory-tiers/
23:51:17    [RelevanceFilter] ✓ kept score=0.64 — https://qdrant.tech/documentation/manage-data/storage/
23:51:17    [RelevanceFilter] ✓ kept score=0.63 — https://qdrant.tech/documentation/manage-data/
23:51:17    [RelevanceFilter] ✓ kept score=0.63 — https://qdrant.tech/documentation/overview/what-is-qdrant/
23:51:17    [RelevanceFilter] ✓ kept score=0.62 — https://qdrant.tech/documentation/manage-data/indexing/
23:51:17    [RelevanceFilter] ✓ kept score=0.62 — https://qdrant.tech/documentation/manage-data/bulk-upload/
23:51:17    [RelevanceFilter] ✓ kept score=0.61 — https://qdrant.tech/documentation/ops-configuration/usage-statistics/
23:51:17    [RelevanceFilter] ✓ kept score=0.61 — https://qdrant.tech/documentation/tutorials-build-essentials/data-inge
23:51:17    [RelevanceFilter] ✓ kept score=0.61 — https://qdrant.tech/documentation/ops-configuration/memory-tiers/
23:51:17    [RelevanceFilter] ✓ kept score=0.60 — https://qdrant.tech/documentation/manage-data/collections/
23:51:17    [RelevanceFilter] ✓ kept score=0.60 — https://qdrant.tech/documentation/tutorials-build-essentials/qdrant-n8
23:51:17    [RelevanceFilter] ✓ kept score=0.60 — https://qdrant.tech/documentation/manage-data/collections/
23:51:17    [RelevanceFilter] ✓ kept score=0.59 — https://qdrant.tech/documentation/manage-data/points/
23:51:17    [RelevanceFilter] ✓ kept score=0.59 — https://qdrant.tech/documentation/inference/cloud-inference/
23:51:17    [RelevanceFilter] ✓ kept score=0.59 — https://qdrant.tech/documentation/manage-data/points/
23:51:17    [RelevanceFilter] ✓ kept score=0.59 — https://qdrant.tech/documentation/faq/qdrant-fundamentals/
23:51:17    [RelevanceFilter] ✓ kept score=0.59 — https://qdrant.tech/documentation/manage-data/collections/
23:51:17    [RelevanceFilter] ✓ kept score=0.58 — https://qdrant.tech/documentation/overview/what-is-qdrant/
23:51:17    [RelevanceFilter] ✓ kept score=0.58 — https://qdrant.tech/documentation/ops-monitoring/memory-usage/
23:51:17    [RelevanceFilter] ✓ kept score=0.58 — https://qdrant.tech/documentation/manage-data/points/
23:51:17    [RelevanceFilter] ✓ kept score=0.58 — https://qdrant.tech/documentation/ops-configuration/administration/
23:51:17    [RelevanceFilter] ✓ kept score=0.57 — https://qdrant.tech/documentation/ops-configuration/memory-tiers/
23:51:17    [RelevanceFilter] ✓ kept score=0.57 — https://qdrant.tech/documentation/manage-data/payload/
23:51:17    [RelevanceFilter] ✓ kept score=0.54 — https://qdrant.tech/documentation/manage-data/multitenancy/
23:51:17    [RelevanceFilter] ✓ kept score=0.56 — https://qdrant.tech/documentation/ops-configuration/administration/
23:51:17    [RelevanceFilter] ✓ kept score=0.55 — https://qdrant.tech/documentation/search/search/
23:51:17    [RelevanceFilter] ✓ kept score=0.54 — https://qdrant.tech/documentation/ops-configuration/administration/
23:51:17    [RelevanceFilter] ✓ kept score=0.55 — https://qdrant.tech/documentation/search/search/
23:51:17    [RelevanceFilter] ✓ kept score=0.58 — https://qdrant.tech/documentation/manage-data/indexing/
23:51:17    [RelevanceFilter] ✓ kept score=0.55 — https://qdrant.tech/documentation/manage-data/indexing/
23:51:17    [RelevanceFilter] ✓ kept score=0.57 — https://qdrant.tech/documentation/search/search/
23:51:17  [RelevanceFilter] 12/33 chunks kept (threshold=0.25)
23:51:17    [Reranker] score=0.669 — https://qdrant.tech/documentation/manage-data/payload/
23:51:17    [Reranker] score=0.635 — https://qdrant.tech/documentation/overview/
23:51:17    [Reranker] score=0.630 — https://qdrant.tech/documentation/ops-configuration/memory-tiers/
23:51:17    [Reranker] score=0.585 — https://qdrant.tech/documentation/manage-data/storage/
23:51:17    [Reranker] score=0.614 — https://qdrant.tech/documentation/manage-data/
23:51:17    [Reranker] score=0.600 — https://qdrant.tech/documentation/overview/what-is-qdrant/
23:51:17    [Reranker] score=0.591 — https://qdrant.tech/documentation/manage-data/indexing/
23:51:17    [Reranker] score=0.565 — https://qdrant.tech/documentation/manage-data/bulk-upload/
23:51:17    [Reranker] score=0.543 — https://qdrant.tech/documentation/ops-configuration/usage-statistics/
23:51:17    [Reranker] score=0.574 — https://qdrant.tech/documentation/tutorials-build-essentials/data-inge
23:51:17    [Reranker] score=0.540 — https://qdrant.tech/documentation/ops-configuration/memory-tiers/
23:51:17    [Reranker] score=0.581 — https://qdrant.tech/documentation/manage-data/collections/
23:51:17  [Reranker] anchor: 'The difference between a qdrant collection and a payload is. A the difference between a Qdrant collection and a payload defines'
23:51:17  [Reranker] Top 6 chunks kept:
23:51:17    score=0.669 — https://qdrant.tech/documentation/manage-data/payload/
23:51:17    score=0.635 — https://qdrant.tech/documentation/overview/
23:51:17    score=0.630 — https://qdrant.tech/documentation/ops-configuration/memory-tiers/
23:51:17    score=0.614 — https://qdrant.tech/documentation/manage-data/
23:51:17    score=0.600 — https://qdrant.tech/documentation/overview/what-is-qdrant/
23:51:17    score=0.591 — https://qdrant.tech/documentation/manage-data/indexing/
23:51:17  [ContextBuilder] Built context from 6 chunks across 1 sources (6017 chars)
23:51:19  [AnswerGenerator] Answer preview: Collections and payloads are two fundamental concepts in Qdrant, and while they're related, they serve different purposes.

A collection is a named gr...
23:51:19  [CitationFormatter] 6 citations
23:51:19    Qdrant — https://qdrant.tech/documentation/manage-data/payload/
23:51:19    Qdrant — https://qdrant.tech/documentation/manage-data/
23:51:19    Qdrant — https://qdrant.tech/documentation/ops-configuration/memory-tiers/
23:51:19    Qdrant — https://qdrant.tech/documentation/overview/what-is-qdrant/
23:51:19    Qdrant — https://qdrant.tech/documentation/manage-data/indexing/
23:51:19    Qdrant — https://qdrant.tech/documentation/overview/
